// Jest Snapshot v1, https://goo.gl/fbAQLP

exports[`Storyshots Impacter Normal Impacter 1`] = `
<div
  className="ant-card ant-card-bordered"
>
  <div
    className="ant-card-head"
    style={Object {}}
  >
    <div
      className="ant-card-head-wrapper"
    >
      <div
        className="ant-card-head-title"
      >
        sit enim
      </div>
      <div
        className="ant-card-extra"
      >
        <button
          className="ant-btn ant-btn-primary"
          onClick={[Function]}
          type="button"
        >
          <span>
            Select
          </span>
        </button>
      </div>
    </div>
  </div>
  <div
    className="ant-card-body"
    style={Object {}}
  >
    Cillum deserunt proident pariatur esse sunt minim aliqua exercitation adipisicing ut quis exercitation commodo esse. Aliqua deserunt adipisicing duis id. Tempor dolore dolore nulla sint ea pariatur enim nostrud sint in incididunt. Ad velit velit ad amet minim sint. Aliquip velit anim officia cillum adipisicing ea. Consequat culpa anim irure anim cupidatat laboris officia cupidatat excepteur commodo nulla. Occaecat do esse sint eiusmod velit id consequat. Velit consequat non fugiat est Lorem eu aute irure. Irure do veniam proident aute proident eu id Lorem. Est consectetur dolor et et eiusmod.
  </div>
</div>
`;

exports[`Storyshots Post Modal Deleted Post 1`] = `null`;

exports[`Storyshots Post Modal Has Other Posts 1`] = `null`;

exports[`Storyshots Post Modal Normal Post 1`] = `null`;

exports[`Storyshots Post Normal Post 1`] = `
<div
  className="ant-card ant-card-bordered"
>
  <div
    className="ant-card-cover"
  >
    <img
      alt="Alejandro Escamilla"
      src="https://picsum.photos/id/0/500/333"
    />
  </div>
  <div
    className="ant-card-body"
    style={Object {}}
  >
    <p>
      cillum anim Lorem laborum quis sit aliqua ad occaecat cillum
    </p>
  </div>
  <ul
    className="ant-card-actions"
  >
    <li
      style={
        Object {
          "width": "33.333333333333336%",
        }
      }
    >
      <span>
        <i
          aria-label="icon: fullscreen"
          className="anticon anticon-fullscreen"
          onClick={[Function]}
          tabIndex={-1}
        >
          <svg
            aria-hidden="true"
            className=""
            data-icon="fullscreen"
            fill="currentColor"
            focusable="false"
            height="1em"
            viewBox="64 64 896 896"
            width="1em"
          >
            <path
              d="M290 236.4l43.9-43.9a8.01 8.01 0 0 0-4.7-13.6L169 160c-5.1-.6-9.5 3.7-8.9 8.9L179 329.1c.8 6.6 8.9 9.4 13.6 4.7l43.7-43.7L370 423.7c3.1 3.1 8.2 3.1 11.3 0l42.4-42.3c3.1-3.1 3.1-8.2 0-11.3L290 236.4zm352.7 187.3c3.1 3.1 8.2 3.1 11.3 0l133.7-133.6 43.7 43.7a8.01 8.01 0 0 0 13.6-4.7L863.9 169c.6-5.1-3.7-9.5-8.9-8.9L694.8 179c-6.6.8-9.4 8.9-4.7 13.6l43.9 43.9L600.3 370a8.03 8.03 0 0 0 0 11.3l42.4 42.4zM845 694.9c-.8-6.6-8.9-9.4-13.6-4.7l-43.7 43.7L654 600.3a8.03 8.03 0 0 0-11.3 0l-42.4 42.3a8.03 8.03 0 0 0 0 11.3L734 787.6l-43.9 43.9a8.01 8.01 0 0 0 4.7 13.6L855 864c5.1.6 9.5-3.7 8.9-8.9L845 694.9zm-463.7-94.6a8.03 8.03 0 0 0-11.3 0L236.3 733.9l-43.7-43.7a8.01 8.01 0 0 0-13.6 4.7L160.1 855c-.6 5.1 3.7 9.5 8.9 8.9L329.2 845c6.6-.8 9.4-8.9 4.7-13.6L290 787.6 423.7 654c3.1-3.1 3.1-8.2 0-11.3l-42.4-42.4z"
            />
          </svg>
        </i>
      </span>
    </li>
    <li
      style={
        Object {
          "width": "33.333333333333336%",
        }
      }
    >
      <span>
        <i
          aria-label="icon: edit"
          className="anticon anticon-edit"
          onClick={[Function]}
          tabIndex={-1}
        >
          <svg
            aria-hidden="true"
            className=""
            data-icon="edit"
            fill="currentColor"
            focusable="false"
            height="1em"
            viewBox="64 64 896 896"
            width="1em"
          >
            <path
              d="M257.7 752c2 0 4-.2 6-.5L431.9 722c2-.4 3.9-1.3 5.3-2.8l423.9-423.9a9.96 9.96 0 0 0 0-14.1L694.9 114.9c-1.9-1.9-4.4-2.9-7.1-2.9s-5.2 1-7.1 2.9L256.8 538.8c-1.5 1.5-2.4 3.3-2.8 5.3l-29.5 168.2a33.5 33.5 0 0 0 9.4 29.8c6.6 6.4 14.9 9.9 23.8 9.9zm67.4-174.4L687.8 215l73.3 73.3-362.7 362.6-88.9 15.7 15.6-89zM880 836H144c-17.7 0-32 14.3-32 32v36c0 4.4 3.6 8 8 8h784c4.4 0 8-3.6 8-8v-36c0-17.7-14.3-32-32-32z"
            />
          </svg>
        </i>
      </span>
    </li>
    <li
      style={
        Object {
          "width": "33.333333333333336%",
        }
      }
    >
      <span>
        <i
          aria-label="icon: delete"
          className="anticon anticon-delete"
          onClick={[Function]}
          tabIndex={-1}
        >
          <svg
            aria-hidden="true"
            className=""
            data-icon="delete"
            fill="currentColor"
            focusable="false"
            height="1em"
            viewBox="64 64 896 896"
            width="1em"
          >
            <path
              d="M292.7 840h438.6l24.2-512h-487z"
              fill="#fff1f0"
            />
            <path
              d="M864 256H736v-80c0-35.3-28.7-64-64-64H352c-35.3 0-64 28.7-64 64v80H160c-17.7 0-32 14.3-32 32v32c0 4.4 3.6 8 8 8h60.4l24.7 523c1.6 34.1 29.8 61 63.9 61h454c34.2 0 62.3-26.8 63.9-61l24.7-523H888c4.4 0 8-3.6 8-8v-32c0-17.7-14.3-32-32-32zm-504-72h304v72H360v-72zm371.3 656H292.7l-24.2-512h487l-24.2 512z"
              fill="#f5222d"
            />
          </svg>
        </i>
      </span>
    </li>
  </ul>
</div>
`;
